// Jest Snapshot v1, https://goo.gl/fbAQLP

exports[`Copying Typography allows for undefined id: Output data from copying a typography without an id 1`] = `
{
  "id": undefined,
  "style": [
    {
      "deviceId": "desktop",
      "value": {
        "fontFamily": "Nanum Gothic Coding",
        "fontSize": {
          "unit": "px",
          "value": 18,
        },
        "fontWeight": 400,
        "lineHeight": 1.5,
      },
    },
  ],
}
`;
