// Jest Snapshot v1, https://goo.gl/fbAQLP

exports[`Site Version serializeSiteVersion returns string serialized site version 1`] = `"{"version":"test","token":"eyJ0eXAiOiJKV1QiLCJhbGciOiJIUzI1NiJ9.eyJpc3MiOiJtYWtlc3dpZnQtcnVudGltZSIsImlhdCI6MTc1NDU5OTE0OSwiZXhwIjo0MTAyNDMyNzQ5LCJhdWQiOiJ0ZXN0Iiwic3ViIjoibWFrZXN3aWZ0LXJ1bnRpbWUifQ.-1BDOmEN1Q1QeKP7qfjPyAkrKRjb4q4qaqyhPBvMnhg"}"`;
