// Jest Snapshot v1, https://goo.gl/fbAQLP

exports[`object serialization {
  arrayOfFunctions: [ [Function (anonymous)] { [length]: 1, [name]: '' }, [length]: 1 ]
} should deserialize serialized functions 1`] = `
{
  "arrayOfFunctions": [
    [Function],
  ],
}
`;

exports[`object serialization {
  arrayOfFunctions: [ [Function (anonymous)] { [length]: 1, [name]: '' }, [length]: 1 ]
} should handle function serialization 1`] = `
{
  "arrayOfFunctions": [
    "[SerializedFunction]",
  ],
}
`;

exports[`object serialization {
  getItemLabel: [Function: getItemLabel] { [length]: 1, [name]: 'getItemLabel' }
} should deserialize serialized functions 1`] = `
{
  "getItemLabel": [Function],
}
`;

exports[`object serialization {
  getItemLabel: [Function: getItemLabel] { [length]: 1, [name]: 'getItemLabel' }
} should handle function serialization 1`] = `
{
  "getItemLabel": "[SerializedFunction]",
}
`;

exports[`object serialization Deserialized 1`] = `[Function]`;

exports[`object serialization should correctly serialize nested Serializables 1`] = `
{
  "item": {
    "getItemLabel": "[SerializedFunction]",
    "subitems": [
      {
        "arrayOfFunctions": [
          "[SerializedFunction]",
        ],
        "type": "subitem 1",
      },
      {
        "getItemLabel": "[SerializedFunction]",
        "type": "subitem 2",
      },
    ],
    "type": "item",
  },
}
`;
