// Jest Snapshot v1, https://goo.gl/fbAQLP

exports[`Page Style renders a style: resolvedValue 1`] = `"css-1cny9vj u-r2-propKey"`;

exports[`Page Style renders a style: snapshot 1`] = `
{
  "cacheData": {
    "apiResources": {},
    "localizedResourcesMap": {},
  },
  "document": {
    "data": {
      "key": "00000000-0000-0000-0000-000000000000",
      "props": {
        "children": {
          "columns": [
            {
              "deviceId": "desktop",
              "value": {
                "count": 12,
                "spans": [
                  [
                    12,
                  ],
                ],
              },
            },
          ],
          "elements": [
            {
              "key": "11111111-1111-1111-1111-111111111111",
              "props": {
                "propKey": {
                  "margin": [
                    {
                      "deviceId": "desktop",
                      "value": {
                        "marginBottom": undefined,
                        "marginLeft": undefined,
                        "marginRight": undefined,
                        "marginTop": {
                          "unit": "px",
                          "value": 4,
                        },
                      },
                    },
                  ],
                  "width": [
                    {
                      "deviceId": "desktop",
                      "value": {
                        "unit": "%",
                        "value": 80,
                      },
                    },
                  ],
                },
              },
              "type": "TestComponent",
            },
          ],
        },
      },
      "type": "./components/Root/index.js",
    },
    "fonts": [],
    "id": "test-page-id",
    "locale": null,
    "localizedPages": [],
    "meta": {},
    "seo": {},
    "site": {
      "id": "test-site-id",
    },
    "snippets": [],
  },
}
`;
