// Jest Snapshot v1, https://goo.gl/fbAQLP

exports[`Page TextInput control data v0 when value is The Blueprint: resolvedValue 1`] = `"The Blueprint"`;

exports[`Page TextInput control data v0 when value is The Blueprint: snapshot 1`] = `
{
  "cacheData": {
    "apiResources": {},
    "localizedResourcesMap": {},
  },
  "document": {
    "data": {
      "key": "00000000-0000-0000-0000-000000000000",
      "props": {
        "children": {
          "columns": [
            {
              "deviceId": "desktop",
              "value": {
                "count": 12,
                "spans": [
                  [
                    12,
                  ],
                ],
              },
            },
          ],
          "elements": [
            {
              "key": "11111111-1111-1111-1111-111111111111",
              "props": {
                "propKey": "The Blueprint",
              },
              "type": "TestComponent",
            },
          ],
        },
      },
      "type": "./components/Root/index.js",
    },
    "fonts": [],
    "id": "test-page-id",
    "locale": null,
    "localizedPages": [],
    "meta": {},
    "seo": {},
    "site": {
      "id": "test-site-id",
    },
    "snippets": [],
  },
}
`;

exports[`Page TextInput control data v0 when value is undefined: resolvedValue 1`] = `undefined`;

exports[`Page TextInput control data v0 when value is undefined: snapshot 1`] = `
{
  "cacheData": {
    "apiResources": {},
    "localizedResourcesMap": {},
  },
  "document": {
    "data": {
      "key": "00000000-0000-0000-0000-000000000000",
      "props": {
        "children": {
          "columns": [
            {
              "deviceId": "desktop",
              "value": {
                "count": 12,
                "spans": [
                  [
                    12,
                  ],
                ],
              },
            },
          ],
          "elements": [
            {
              "key": "11111111-1111-1111-1111-111111111111",
              "props": {
                "propKey": undefined,
              },
              "type": "TestComponent",
            },
          ],
        },
      },
      "type": "./components/Root/index.js",
    },
    "fonts": [],
    "id": "test-page-id",
    "locale": null,
    "localizedPages": [],
    "meta": {},
    "seo": {},
    "site": {
      "id": "test-site-id",
    },
    "snippets": [],
  },
}
`;

exports[`Page TextInput control data v1 when value is The Blueprint: resolvedValue 1`] = `"The Blueprint"`;

exports[`Page TextInput control data v1 when value is The Blueprint: snapshot 1`] = `
{
  "cacheData": {
    "apiResources": {},
    "localizedResourcesMap": {},
  },
  "document": {
    "data": {
      "key": "00000000-0000-0000-0000-000000000000",
      "props": {
        "children": {
          "columns": [
            {
              "deviceId": "desktop",
              "value": {
                "count": 12,
                "spans": [
                  [
                    12,
                  ],
                ],
              },
            },
          ],
          "elements": [
            {
              "key": "11111111-1111-1111-1111-111111111111",
              "props": {
                "propKey": {
                  "@@makeswift/type": "text-input::v1",
                  "value": "The Blueprint",
                },
              },
              "type": "TestComponent",
            },
          ],
        },
      },
      "type": "./components/Root/index.js",
    },
    "fonts": [],
    "id": "test-page-id",
    "locale": null,
    "localizedPages": [],
    "meta": {},
    "seo": {},
    "site": {
      "id": "test-site-id",
    },
    "snippets": [],
  },
}
`;

exports[`Page TextInput control data v1 when value is undefined: resolvedValue 1`] = `undefined`;

exports[`Page TextInput control data v1 when value is undefined: snapshot 1`] = `
{
  "cacheData": {
    "apiResources": {},
    "localizedResourcesMap": {},
  },
  "document": {
    "data": {
      "key": "00000000-0000-0000-0000-000000000000",
      "props": {
        "children": {
          "columns": [
            {
              "deviceId": "desktop",
              "value": {
                "count": 12,
                "spans": [
                  [
                    12,
                  ],
                ],
              },
            },
          ],
          "elements": [
            {
              "key": "11111111-1111-1111-1111-111111111111",
              "props": {
                "propKey": undefined,
              },
              "type": "TestComponent",
            },
          ],
        },
      },
      "type": "./components/Root/index.js",
    },
    "fonts": [],
    "id": "test-page-id",
    "locale": null,
    "localizedPages": [],
    "meta": {},
    "seo": {},
    "site": {
      "id": "test-site-id",
    },
    "snippets": [],
  },
}
`;

exports[`Page when defaultValue is set: resolvedValue 1`] = `"Magna Carta Holy Grail"`;

exports[`Page when defaultValue is set: snapshot 1`] = `
{
  "cacheData": {
    "apiResources": {},
    "localizedResourcesMap": {},
  },
  "document": {
    "data": {
      "key": "00000000-0000-0000-0000-000000000000",
      "props": {
        "children": {
          "columns": [
            {
              "deviceId": "desktop",
              "value": {
                "count": 12,
                "spans": [
                  [
                    12,
                  ],
                ],
              },
            },
          ],
          "elements": [
            {
              "key": "11111111-1111-1111-1111-111111111111",
              "props": {
                "propKey": undefined,
              },
              "type": "TestComponent",
            },
          ],
        },
      },
      "type": "./components/Root/index.js",
    },
    "fonts": [],
    "id": "test-page-id",
    "locale": null,
    "localizedPages": [],
    "meta": {},
    "seo": {},
    "site": {
      "id": "test-site-id",
    },
    "snippets": [],
  },
}
`;
